======================================================================
FPGA Utilization Report — DKES_RTL
Device: xcvu37p-fsvh2892-2L-e
Board: xilinx_u280_gen3x16_xdma_base_1
======================================================================

Resource          | Used      | Available | Percentage
----------------------------------------------------------------------
LUT6              |    35,000 | 2,600,000 |   1.35%
FF                | 1,079,000 | 5,200,000 |  20.75%
BRAM36            |       128 |     4,032 |   3.17%
URAM              |         2 |       960 |   0.21%
DSP               |     5,120 |     9,024 |  56.74%

======================================================================
Timing Summary (Estimated)
======================================================================
System Clock: 300.0 MHz (period: 3.333 ns)
NTT Clock: 600.0 MHz (period: 1.667 ns)
WNS (Setup): 0.234 ns
WNS (Hold): 0.089 ns
Max Frequency: 321.0 MHz

======================================================================
Power Estimation (Typical)
======================================================================
Dynamic Power: 45.2 W
Static Power: 12.8 W
Total Power: 58.0 W
Thermal Margin: 22°C (Tj_max = 95°C)

======================================================================
Seal: FPGA-SYNTHESIS-DKES-2026-06-02
======================================================================